[0.252s] DEBUG:colcon:Command line arguments: ['/usr/bin/colcon', 'build', '--symlink-install']
[0.252s] DEBUG:colcon:Parsed command line arguments: Namespace(log_base=None, log_level=None, verb_name='build', build_base='build', install_base='install', merge_install=False, symlink_install=True, test_result_base=None, continue_on_error=False, executor='parallel', parallel_workers=4, event_handlers=None, ignore_user_meta=False, metas=['./colcon.meta'], base_paths=['.'], packages_ignore=None, packages_ignore_regex=None, paths=None, packages_up_to=None, packages_up_to_regex=None, packages_above=None, packages_above_and_dependencies=None, packages_above_depth=None, packages_select_by_dep=None, packages_skip_by_dep=None, packages_skip_up_to=None, packages_select_build_failed=False, packages_skip_build_finished=False, packages_select_test_failures=False, packages_skip_test_passed=False, packages_select=None, packages_skip=None, packages_select_regex=None, packages_skip_regex=None, packages_start=None, packages_end=None, allow_overriding=[], cmake_args=None, cmake_target=None, cmake_target_skip_unavailable=False, cmake_clean_cache=False, cmake_clean_first=False, cmake_force_configure=False, ament_cmake_args=None, catkin_cmake_args=None, catkin_skip_building_tests=False, verb_parser=<colcon_defaults.argument_parser.defaults.DefaultArgumentsDecorator object at 0xffff8c93cef0>, verb_extension=<colcon_core.verb.build.BuildVerb object at 0xffff8cae5460>, main=<bound method BuildVerb.main of <colcon_core.verb.build.BuildVerb object at 0xffff8cae5460>>)
[0.358s] Level 1:colcon.colcon_core.package_discovery:discover_packages(colcon_meta) check parameters
[0.358s] Level 1:colcon.colcon_core.package_discovery:discover_packages(recursive) check parameters
[0.358s] Level 1:colcon.colcon_core.package_discovery:discover_packages(ignore) check parameters
[0.358s] Level 1:colcon.colcon_core.package_discovery:discover_packages(path) check parameters
[0.358s] Level 1:colcon.colcon_core.package_discovery:discover_packages(colcon_meta) discover
[0.358s] Level 1:colcon.colcon_core.package_discovery:discover_packages(recursive) discover
[0.358s] INFO:colcon.colcon_core.package_discovery:Crawling recursively for packages in '/home/meilin/zml/project/ros2_ws'
[0.358s] Level 1:colcon.colcon_core.package_identification:_identify(.) by extensions ['ignore', 'ignore_ament_install']
[0.359s] Level 1:colcon.colcon_core.package_identification:_identify(.) by extension 'ignore'
[0.359s] Level 1:colcon.colcon_core.package_identification:_identify(.) by extension 'ignore_ament_install'
[0.359s] Level 1:colcon.colcon_core.package_identification:_identify(.) by extensions ['colcon_pkg']
[0.359s] Level 1:colcon.colcon_core.package_identification:_identify(.) by extension 'colcon_pkg'
[0.359s] Level 1:colcon.colcon_core.package_identification:_identify(.) by extensions ['colcon_meta']
[0.359s] Level 1:colcon.colcon_core.package_identification:_identify(.) by extension 'colcon_meta'
[0.359s] Level 1:colcon.colcon_core.package_identification:_identify(.) by extensions ['ros']
[0.359s] Level 1:colcon.colcon_core.package_identification:_identify(.) by extension 'ros'
[0.411s] Level 1:colcon.colcon_core.package_identification:_identify(.) by extensions ['cmake', 'python']
[0.411s] Level 1:colcon.colcon_core.package_identification:_identify(.) by extension 'cmake'
[0.411s] Level 1:colcon.colcon_core.package_identification:_identify(.) by extension 'python'
[0.411s] Level 1:colcon.colcon_core.package_identification:_identify(.) by extensions ['python_setup_py']
[0.411s] Level 1:colcon.colcon_core.package_identification:_identify(.) by extension 'python_setup_py'
[0.411s] Level 1:colcon.colcon_core.package_identification:_identify(build) by extensions ['ignore', 'ignore_ament_install']
[0.411s] Level 1:colcon.colcon_core.package_identification:_identify(build) by extension 'ignore'
[0.411s] Level 1:colcon.colcon_core.package_identification:_identify(build) ignored
[0.412s] Level 1:colcon.colcon_core.package_identification:_identify(install) by extensions ['ignore', 'ignore_ament_install']
[0.412s] Level 1:colcon.colcon_core.package_identification:_identify(install) by extension 'ignore'
[0.412s] Level 1:colcon.colcon_core.package_identification:_identify(install) ignored
[0.412s] Level 1:colcon.colcon_core.package_identification:_identify(log) by extensions ['ignore', 'ignore_ament_install']
[0.412s] Level 1:colcon.colcon_core.package_identification:_identify(log) by extension 'ignore'
[0.412s] Level 1:colcon.colcon_core.package_identification:_identify(log) ignored
[0.412s] Level 1:colcon.colcon_core.package_identification:_identify(src) by extensions ['ignore', 'ignore_ament_install']
[0.412s] Level 1:colcon.colcon_core.package_identification:_identify(src) by extension 'ignore'
[0.412s] Level 1:colcon.colcon_core.package_identification:_identify(src) by extension 'ignore_ament_install'
[0.412s] Level 1:colcon.colcon_core.package_identification:_identify(src) by extensions ['colcon_pkg']
[0.412s] Level 1:colcon.colcon_core.package_identification:_identify(src) by extension 'colcon_pkg'
[0.412s] Level 1:colcon.colcon_core.package_identification:_identify(src) by extensions ['colcon_meta']
[0.412s] Level 1:colcon.colcon_core.package_identification:_identify(src) by extension 'colcon_meta'
[0.412s] Level 1:colcon.colcon_core.package_identification:_identify(src) by extensions ['ros']
[0.413s] Level 1:colcon.colcon_core.package_identification:_identify(src) by extension 'ros'
[0.413s] Level 1:colcon.colcon_core.package_identification:_identify(src) by extensions ['cmake', 'python']
[0.413s] Level 1:colcon.colcon_core.package_identification:_identify(src) by extension 'cmake'
[0.413s] Level 1:colcon.colcon_core.package_identification:_identify(src) by extension 'python'
[0.413s] Level 1:colcon.colcon_core.package_identification:_identify(src) by extensions ['python_setup_py']
[0.413s] Level 1:colcon.colcon_core.package_identification:_identify(src) by extension 'python_setup_py'
[0.413s] Level 1:colcon.colcon_core.package_identification:_identify(src/build) by extensions ['ignore', 'ignore_ament_install']
[0.413s] Level 1:colcon.colcon_core.package_identification:_identify(src/build) by extension 'ignore'
[0.413s] Level 1:colcon.colcon_core.package_identification:_identify(src/build) ignored
[0.413s] Level 1:colcon.colcon_core.package_identification:_identify(src/install) by extensions ['ignore', 'ignore_ament_install']
[0.413s] Level 1:colcon.colcon_core.package_identification:_identify(src/install) by extension 'ignore'
[0.413s] Level 1:colcon.colcon_core.package_identification:_identify(src/install) ignored
[0.413s] Level 1:colcon.colcon_core.package_identification:_identify(src/log) by extensions ['ignore', 'ignore_ament_install']
[0.413s] Level 1:colcon.colcon_core.package_identification:_identify(src/log) by extension 'ignore'
[0.413s] Level 1:colcon.colcon_core.package_identification:_identify(src/log) ignored
[0.414s] Level 1:colcon.colcon_core.package_identification:_identify(src/vehicle_sensors) by extensions ['ignore', 'ignore_ament_install']
[0.414s] Level 1:colcon.colcon_core.package_identification:_identify(src/vehicle_sensors) by extension 'ignore'
[0.414s] Level 1:colcon.colcon_core.package_identification:_identify(src/vehicle_sensors) by extension 'ignore_ament_install'
[0.414s] Level 1:colcon.colcon_core.package_identification:_identify(src/vehicle_sensors) by extensions ['colcon_pkg']
[0.414s] Level 1:colcon.colcon_core.package_identification:_identify(src/vehicle_sensors) by extension 'colcon_pkg'
[0.414s] Level 1:colcon.colcon_core.package_identification:_identify(src/vehicle_sensors) by extensions ['colcon_meta']
[0.414s] Level 1:colcon.colcon_core.package_identification:_identify(src/vehicle_sensors) by extension 'colcon_meta'
[0.414s] Level 1:colcon.colcon_core.package_identification:_identify(src/vehicle_sensors) by extensions ['ros']
[0.414s] Level 1:colcon.colcon_core.package_identification:_identify(src/vehicle_sensors) by extension 'ros'
[0.421s] DEBUG:colcon.colcon_core.package_identification:Package 'src/vehicle_sensors' with type 'ros.ament_python' and name 'vehicle_sensors'
[0.421s] Level 1:colcon.colcon_core.package_discovery:discover_packages(recursive) using defaults
[0.421s] Level 1:colcon.colcon_core.package_discovery:discover_packages(ignore) discover
[0.421s] Level 1:colcon.colcon_core.package_discovery:discover_packages(ignore) using defaults
[0.421s] Level 1:colcon.colcon_core.package_discovery:discover_packages(path) discover
[0.421s] Level 1:colcon.colcon_core.package_discovery:discover_packages(path) using defaults
[0.452s] Level 1:colcon.colcon_core.package_discovery:discover_packages(prefix_path) check parameters
[0.452s] Level 1:colcon.colcon_core.package_discovery:discover_packages(prefix_path) discover
[0.458s] DEBUG:colcon.colcon_installed_package_information.package_discovery:Found 286 installed packages in /opt/ros/jazzy
[0.459s] Level 1:colcon.colcon_core.package_discovery:discover_packages(prefix_path) using defaults
[0.520s] Level 5:colcon.colcon_core.verb:set package 'vehicle_sensors' build argument 'cmake_args' from command line to 'None'
[0.520s] Level 5:colcon.colcon_core.verb:set package 'vehicle_sensors' build argument 'cmake_target' from command line to 'None'
[0.520s] Level 5:colcon.colcon_core.verb:set package 'vehicle_sensors' build argument 'cmake_target_skip_unavailable' from command line to 'False'
[0.520s] Level 5:colcon.colcon_core.verb:set package 'vehicle_sensors' build argument 'cmake_clean_cache' from command line to 'False'
[0.520s] Level 5:colcon.colcon_core.verb:set package 'vehicle_sensors' build argument 'cmake_clean_first' from command line to 'False'
[0.520s] Level 5:colcon.colcon_core.verb:set package 'vehicle_sensors' build argument 'cmake_force_configure' from command line to 'False'
[0.520s] Level 5:colcon.colcon_core.verb:set package 'vehicle_sensors' build argument 'ament_cmake_args' from command line to 'None'
[0.520s] Level 5:colcon.colcon_core.verb:set package 'vehicle_sensors' build argument 'catkin_cmake_args' from command line to 'None'
[0.520s] Level 5:colcon.colcon_core.verb:set package 'vehicle_sensors' build argument 'catkin_skip_building_tests' from command line to 'False'
[0.520s] DEBUG:colcon.colcon_core.verb:Building package 'vehicle_sensors' with the following arguments: {'ament_cmake_args': None, 'build_base': '/home/meilin/zml/project/ros2_ws/build/vehicle_sensors', 'catkin_cmake_args': None, 'catkin_skip_building_tests': False, 'cmake_args': None, 'cmake_clean_cache': False, 'cmake_clean_first': False, 'cmake_force_configure': False, 'cmake_target': None, 'cmake_target_skip_unavailable': False, 'install_base': '/home/meilin/zml/project/ros2_ws/install/vehicle_sensors', 'merge_install': False, 'path': '/home/meilin/zml/project/ros2_ws/src/vehicle_sensors', 'symlink_install': True, 'test_result_base': None}
[0.520s] INFO:colcon.colcon_core.executor:Executing jobs using 'parallel' executor
[0.521s] DEBUG:colcon.colcon_parallel_executor.executor.parallel:run_until_complete
[0.522s] INFO:colcon.colcon_ros.task.ament_python.build:Building ROS package in '/home/meilin/zml/project/ros2_ws/src/vehicle_sensors' with build type 'ament_python'
[0.522s] Level 1:colcon.colcon_core.shell:create_environment_hook('vehicle_sensors', 'ament_prefix_path')
[0.528s] INFO:colcon.colcon_core.plugin_system:Skipping extension 'colcon_core.shell.bat': Not used on non-Windows systems
[0.528s] INFO:colcon.colcon_core.shell:Creating environment hook '/home/meilin/zml/project/ros2_ws/install/vehicle_sensors/share/vehicle_sensors/hook/ament_prefix_path.ps1'
[0.530s] INFO:colcon.colcon_core.shell:Creating environment descriptor '/home/meilin/zml/project/ros2_ws/install/vehicle_sensors/share/vehicle_sensors/hook/ament_prefix_path.dsv'
[0.530s] INFO:colcon.colcon_core.shell:Creating environment hook '/home/meilin/zml/project/ros2_ws/install/vehicle_sensors/share/vehicle_sensors/hook/ament_prefix_path.sh'
[0.532s] INFO:colcon.colcon_core.shell:Skip shell extension 'powershell' for command environment: Not usable outside of PowerShell
[0.532s] DEBUG:colcon.colcon_core.shell:Skip shell extension 'dsv' for command environment
[0.858s] INFO:colcon.colcon_core.task.python.build:Building Python package in '/home/meilin/zml/project/ros2_ws/src/vehicle_sensors'
[0.858s] INFO:colcon.colcon_core.shell:Skip shell extension 'powershell' for command environment: Not usable outside of PowerShell
[0.858s] DEBUG:colcon.colcon_core.shell:Skip shell extension 'dsv' for command environment
[1.981s] DEBUG:colcon.colcon_core.event_handler.log_command:Invoking command in '/home/meilin/zml/project/ros2_ws/build/vehicle_sensors': DEBUGINFOD_URLS=https://debuginfod.ubuntu.com PYTHONPATH=/home/meilin/zml/project/ros2_ws/build/vehicle_sensors/prefix_override:/usr/lib/python3/dist-packages/colcon_core/task/python/colcon_distutils_commands:/home/meilin/zml/project/ros2_ws/install/vehicle_sensors/lib/python3.12/site-packages:${PYTHONPATH} VIRTUAL_ENV_PROMPT=(ros2_venv) /usr/bin/python3 -W ignore:setup.py install is deprecated -W ignore:easy_install command is deprecated setup.py develop --editable --build-directory /home/meilin/zml/project/ros2_ws/build/vehicle_sensors/build --no-deps symlink_data
[3.101s] Level 1:colcon.colcon_core.shell:create_environment_hook('vehicle_sensors', 'pythonpath_develop')
[3.102s] INFO:colcon.colcon_core.shell:Creating environment hook '/home/meilin/zml/project/ros2_ws/build/vehicle_sensors/share/vehicle_sensors/hook/pythonpath_develop.ps1'
[3.104s] DEBUG:colcon.colcon_core.event_handler.log_command:Invoked command in '/home/meilin/zml/project/ros2_ws/build/vehicle_sensors' returned '0': DEBUGINFOD_URLS=https://debuginfod.ubuntu.com PYTHONPATH=/home/meilin/zml/project/ros2_ws/build/vehicle_sensors/prefix_override:/usr/lib/python3/dist-packages/colcon_core/task/python/colcon_distutils_commands:/home/meilin/zml/project/ros2_ws/install/vehicle_sensors/lib/python3.12/site-packages:${PYTHONPATH} VIRTUAL_ENV_PROMPT=(ros2_venv) /usr/bin/python3 -W ignore:setup.py install is deprecated -W ignore:easy_install command is deprecated setup.py develop --editable --build-directory /home/meilin/zml/project/ros2_ws/build/vehicle_sensors/build --no-deps symlink_data
[3.105s] INFO:colcon.colcon_core.shell:Creating environment descriptor '/home/meilin/zml/project/ros2_ws/build/vehicle_sensors/share/vehicle_sensors/hook/pythonpath_develop.dsv'
[3.106s] INFO:colcon.colcon_core.shell:Creating environment hook '/home/meilin/zml/project/ros2_ws/build/vehicle_sensors/share/vehicle_sensors/hook/pythonpath_develop.sh'
[3.115s] Level 1:colcon.colcon_core.environment:checking '/home/meilin/zml/project/ros2_ws/install/vehicle_sensors' for CMake module files
[3.116s] Level 1:colcon.colcon_core.environment:checking '/home/meilin/zml/project/ros2_ws/install/vehicle_sensors' for CMake config files
[3.117s] Level 1:colcon.colcon_core.environment:checking '/home/meilin/zml/project/ros2_ws/install/vehicle_sensors/lib'
[3.117s] Level 1:colcon.colcon_core.environment:checking '/home/meilin/zml/project/ros2_ws/install/vehicle_sensors/bin'
[3.117s] Level 1:colcon.colcon_core.environment:checking '/home/meilin/zml/project/ros2_ws/install/vehicle_sensors/lib/pkgconfig/vehicle_sensors.pc'
[3.118s] Level 1:colcon.colcon_core.environment:checking '/home/meilin/zml/project/ros2_ws/install/vehicle_sensors/lib/python3.12/site-packages'
[3.118s] Level 1:colcon.colcon_core.shell:create_environment_hook('vehicle_sensors', 'pythonpath')
[3.118s] INFO:colcon.colcon_core.shell:Creating environment hook '/home/meilin/zml/project/ros2_ws/install/vehicle_sensors/share/vehicle_sensors/hook/pythonpath.ps1'
[3.119s] INFO:colcon.colcon_core.shell:Creating environment descriptor '/home/meilin/zml/project/ros2_ws/install/vehicle_sensors/share/vehicle_sensors/hook/pythonpath.dsv'
[3.120s] INFO:colcon.colcon_core.shell:Creating environment hook '/home/meilin/zml/project/ros2_ws/install/vehicle_sensors/share/vehicle_sensors/hook/pythonpath.sh'
[3.121s] Level 1:colcon.colcon_core.environment:checking '/home/meilin/zml/project/ros2_ws/install/vehicle_sensors/bin'
[3.122s] Level 1:colcon.colcon_core.environment:create_environment_scripts_only(vehicle_sensors)
[3.122s] INFO:colcon.colcon_core.shell:Creating package script '/home/meilin/zml/project/ros2_ws/install/vehicle_sensors/share/vehicle_sensors/package.ps1'
[3.125s] INFO:colcon.colcon_core.shell:Creating package descriptor '/home/meilin/zml/project/ros2_ws/install/vehicle_sensors/share/vehicle_sensors/package.dsv'
[3.126s] INFO:colcon.colcon_core.shell:Creating package script '/home/meilin/zml/project/ros2_ws/install/vehicle_sensors/share/vehicle_sensors/package.sh'
[3.128s] INFO:colcon.colcon_core.shell:Creating package script '/home/meilin/zml/project/ros2_ws/install/vehicle_sensors/share/vehicle_sensors/package.bash'
[3.130s] INFO:colcon.colcon_core.shell:Creating package script '/home/meilin/zml/project/ros2_ws/install/vehicle_sensors/share/vehicle_sensors/package.zsh'
[3.132s] Level 1:colcon.colcon_core.environment:create_file_with_runtime_dependencies(/home/meilin/zml/project/ros2_ws/install/vehicle_sensors/share/colcon-core/packages/vehicle_sensors)
[3.133s] DEBUG:colcon.colcon_parallel_executor.executor.parallel:closing loop
[3.133s] DEBUG:colcon.colcon_parallel_executor.executor.parallel:loop closed
[3.133s] DEBUG:colcon.colcon_parallel_executor.executor.parallel:run_until_complete finished with '0'
[3.133s] DEBUG:colcon.colcon_core.event_reactor:joining thread
[3.152s] INFO:colcon.colcon_core.plugin_system:Skipping extension 'colcon_notification.desktop_notification.terminal_notifier': Not used on non-Darwin systems
[3.152s] INFO:colcon.colcon_core.plugin_system:Skipping extension 'colcon_notification.desktop_notification.win32': Not used on non-Windows systems
[3.152s] INFO:colcon.colcon_notification.desktop_notification:Sending desktop notification using 'notify2'
[3.270s] DEBUG:colcon.colcon_core.event_reactor:joined thread
[3.271s] INFO:colcon.colcon_core.shell:Creating prefix script '/home/meilin/zml/project/ros2_ws/install/local_setup.ps1'
[3.274s] INFO:colcon.colcon_core.shell:Creating prefix util module '/home/meilin/zml/project/ros2_ws/install/_local_setup_util_ps1.py'
[3.280s] INFO:colcon.colcon_core.shell:Creating prefix chain script '/home/meilin/zml/project/ros2_ws/install/setup.ps1'
[3.283s] INFO:colcon.colcon_core.shell:Creating prefix script '/home/meilin/zml/project/ros2_ws/install/local_setup.sh'
[3.285s] INFO:colcon.colcon_core.shell:Creating prefix util module '/home/meilin/zml/project/ros2_ws/install/_local_setup_util_sh.py'
[3.288s] INFO:colcon.colcon_core.shell:Creating prefix chain script '/home/meilin/zml/project/ros2_ws/install/setup.sh'
[3.292s] INFO:colcon.colcon_core.shell:Creating prefix script '/home/meilin/zml/project/ros2_ws/install/local_setup.bash'
[3.294s] INFO:colcon.colcon_core.shell:Creating prefix chain script '/home/meilin/zml/project/ros2_ws/install/setup.bash'
[3.298s] INFO:colcon.colcon_core.shell:Creating prefix script '/home/meilin/zml/project/ros2_ws/install/local_setup.zsh'
[3.302s] INFO:colcon.colcon_core.shell:Creating prefix chain script '/home/meilin/zml/project/ros2_ws/install/setup.zsh'
