[1.508s] Invoking command in '/home/meilin/zml/project/ros2_ws/src/vehicle_sensors': DEBUGINFOD_URLS=https://debuginfod.ubuntu.com PYTHONPATH=/home/meilin/zml/project/ros2_ws/src/build/vehicle_sensors/prefix_override:/usr/lib/python3/dist-packages/colcon_core/task/python/colcon_distutils_commands:/home/meilin/zml/project/ros2_ws/src/install/vehicle_sensors/lib/python3.12/site-packages:${PYTHONPATH} /usr/bin/python3 -W ignore:setup.py install is deprecated -W ignore:easy_install command is deprecated setup.py egg_info --egg-base ../build/vehicle_sensors build --build-base /home/meilin/zml/project/ros2_ws/src/build/vehicle_sensors/build install --record /home/meilin/zml/project/ros2_ws/src/build/vehicle_sensors/install.log --single-version-externally-managed install_data
[1.837s] running egg_info
[1.837s] creating ../build/vehicle_sensors/vehicle_sensors.egg-info
[1.859s] writing ../build/vehicle_sensors/vehicle_sensors.egg-info/PKG-INFO
[1.859s] writing dependency_links to ../build/vehicle_sensors/vehicle_sensors.egg-info/dependency_links.txt
[1.859s] writing entry points to ../build/vehicle_sensors/vehicle_sensors.egg-info/entry_points.txt
[1.859s] writing requirements to ../build/vehicle_sensors/vehicle_sensors.egg-info/requires.txt
[1.859s] writing top-level names to ../build/vehicle_sensors/vehicle_sensors.egg-info/top_level.txt
[1.860s] writing manifest file '../build/vehicle_sensors/vehicle_sensors.egg-info/SOURCES.txt'
[1.905s] reading manifest file '../build/vehicle_sensors/vehicle_sensors.egg-info/SOURCES.txt'
[1.906s] writing manifest file '../build/vehicle_sensors/vehicle_sensors.egg-info/SOURCES.txt'
[1.906s] running build
[1.906s] running build_py
[1.906s] creating /home/meilin/zml/project/ros2_ws/src/build/vehicle_sensors/build
[1.907s] creating /home/meilin/zml/project/ros2_ws/src/build/vehicle_sensors/build/lib
[1.907s] creating /home/meilin/zml/project/ros2_ws/src/build/vehicle_sensors/build/lib/vehicle_sensors
[1.907s] copying vehicle_sensors/imu_node.py -> /home/meilin/zml/project/ros2_ws/src/build/vehicle_sensors/build/lib/vehicle_sensors
[1.907s] copying vehicle_sensors/wheel_odom_node.py -> /home/meilin/zml/project/ros2_ws/src/build/vehicle_sensors/build/lib/vehicle_sensors
[1.907s] copying vehicle_sensors/__init__.py -> /home/meilin/zml/project/ros2_ws/src/build/vehicle_sensors/build/lib/vehicle_sensors
[1.907s] running install
[1.917s] running install_lib
[1.939s] creating /home/meilin/zml/project/ros2_ws/src/install/vehicle_sensors/lib/python3.12/site-packages/vehicle_sensors
[1.940s] copying /home/meilin/zml/project/ros2_ws/src/build/vehicle_sensors/build/lib/vehicle_sensors/imu_node.py -> /home/meilin/zml/project/ros2_ws/src/install/vehicle_sensors/lib/python3.12/site-packages/vehicle_sensors
[1.940s] copying /home/meilin/zml/project/ros2_ws/src/build/vehicle_sensors/build/lib/vehicle_sensors/wheel_odom_node.py -> /home/meilin/zml/project/ros2_ws/src/install/vehicle_sensors/lib/python3.12/site-packages/vehicle_sensors
[1.940s] copying /home/meilin/zml/project/ros2_ws/src/build/vehicle_sensors/build/lib/vehicle_sensors/__init__.py -> /home/meilin/zml/project/ros2_ws/src/install/vehicle_sensors/lib/python3.12/site-packages/vehicle_sensors
[1.941s] byte-compiling /home/meilin/zml/project/ros2_ws/src/install/vehicle_sensors/lib/python3.12/site-packages/vehicle_sensors/imu_node.py to imu_node.cpython-312.pyc
[1.942s] byte-compiling /home/meilin/zml/project/ros2_ws/src/install/vehicle_sensors/lib/python3.12/site-packages/vehicle_sensors/wheel_odom_node.py to wheel_odom_node.cpython-312.pyc
[1.943s] byte-compiling /home/meilin/zml/project/ros2_ws/src/install/vehicle_sensors/lib/python3.12/site-packages/vehicle_sensors/__init__.py to __init__.cpython-312.pyc
[1.943s] running install_data
[1.943s] creating /home/meilin/zml/project/ros2_ws/src/install/vehicle_sensors/share/ament_index
[1.944s] creating /home/meilin/zml/project/ros2_ws/src/install/vehicle_sensors/share/ament_index/resource_index
[1.944s] creating /home/meilin/zml/project/ros2_ws/src/install/vehicle_sensors/share/ament_index/resource_index/packages
[1.944s] copying resource/vehicle_sensors -> /home/meilin/zml/project/ros2_ws/src/install/vehicle_sensors/share/ament_index/resource_index/packages
[1.944s] copying package.xml -> /home/meilin/zml/project/ros2_ws/src/install/vehicle_sensors/share/vehicle_sensors
[1.944s] running install_egg_info
[1.969s] Copying ../build/vehicle_sensors/vehicle_sensors.egg-info to /home/meilin/zml/project/ros2_ws/src/install/vehicle_sensors/lib/python3.12/site-packages/vehicle_sensors-0.0.0-py3.12.egg-info
[1.970s] running install_scripts
[2.136s] Installing imu_node script to /home/meilin/zml/project/ros2_ws/src/install/vehicle_sensors/lib/vehicle_sensors
[2.136s] Installing wheel_odom_node script to /home/meilin/zml/project/ros2_ws/src/install/vehicle_sensors/lib/vehicle_sensors
[2.136s] writing list of installed files to '/home/meilin/zml/project/ros2_ws/src/build/vehicle_sensors/install.log'
[2.207s] Invoked command in '/home/meilin/zml/project/ros2_ws/src/vehicle_sensors' returned '0': DEBUGINFOD_URLS=https://debuginfod.ubuntu.com PYTHONPATH=/home/meilin/zml/project/ros2_ws/src/build/vehicle_sensors/prefix_override:/usr/lib/python3/dist-packages/colcon_core/task/python/colcon_distutils_commands:/home/meilin/zml/project/ros2_ws/src/install/vehicle_sensors/lib/python3.12/site-packages:${PYTHONPATH} /usr/bin/python3 -W ignore:setup.py install is deprecated -W ignore:easy_install command is deprecated setup.py egg_info --egg-base ../build/vehicle_sensors build --build-base /home/meilin/zml/project/ros2_ws/src/build/vehicle_sensors/build install --record /home/meilin/zml/project/ros2_ws/src/build/vehicle_sensors/install.log --single-version-externally-managed install_data
