running develop
running egg_info
creating vehicle_sensors.egg-info
writing vehicle_sensors.egg-info/PKG-INFO
writing dependency_links to vehicle_sensors.egg-info/dependency_links.txt
writing entry points to vehicle_sensors.egg-info/entry_points.txt
writing requirements to vehicle_sensors.egg-info/requires.txt
writing top-level names to vehicle_sensors.egg-info/top_level.txt
writing manifest file 'vehicle_sensors.egg-info/SOURCES.txt'
reading manifest file 'vehicle_sensors.egg-info/SOURCES.txt'
writing manifest file 'vehicle_sensors.egg-info/SOURCES.txt'
running build_ext
Creating /home/meilin/zml/project/ros2_ws/install/vehicle_sensors/lib/python3.12/site-packages/vehicle-sensors.egg-link (link to .)
Installing imu_node script to /home/meilin/zml/project/ros2_ws/install/vehicle_sensors/lib/vehicle_sensors
Installing wheel_odom_node script to /home/meilin/zml/project/ros2_ws/install/vehicle_sensors/lib/vehicle_sensors

Installed /home/meilin/zml/project/ros2_ws/build/vehicle_sensors
running symlink_data
creating /home/meilin/zml/project/ros2_ws/install/vehicle_sensors/share/ament_index
creating /home/meilin/zml/project/ros2_ws/install/vehicle_sensors/share/ament_index/resource_index
creating /home/meilin/zml/project/ros2_ws/install/vehicle_sensors/share/ament_index/resource_index/packages
symbolically linking /home/meilin/zml/project/ros2_ws/build/vehicle_sensors/resource/vehicle_sensors -> /home/meilin/zml/project/ros2_ws/install/vehicle_sensors/share/ament_index/resource_index/packages
symbolically linking /home/meilin/zml/project/ros2_ws/build/vehicle_sensors/package.xml -> /home/meilin/zml/project/ros2_ws/install/vehicle_sensors/share/vehicle_sensors
creating /home/meilin/zml/project/ros2_ws/install/vehicle_sensors/share/vehicle_sensors/launch
symbolically linking /home/meilin/zml/project/ros2_ws/build/vehicle_sensors/launch/bringup.launch.py -> /home/meilin/zml/project/ros2_ws/install/vehicle_sensors/share/vehicle_sensors/launch
